ArraysPrograms/MergeTwoSortedArray.class
javaProgramiz/Program.class
OwnPractice/SpecialChar.class
ExcelUtility/FinalExcelTest.class
OwnPractice/BubbleSort.class
javaProgramiz/UniqueCharacters.class
SeleniumPrograms/BrokenLinks2.class
OwnPractice/CheckTwoStringsAreRotationOfEachOther.class
javaProgramiz/ExcelUtilityTest.class
OwnPractice/ReverseListAndDecendingOrder.class
OwnPractice/SwapTwoStringWithoutTemp.class
OwnPractice/UniqueNonRepeating.class
javaProgramiz/ArmstrongNo.class
javaProgramiz/CharacterFrequency.class
javaProgramiz/CharFrequency.class
javaProgramiz/CountWordsAndLength.class
OwnPractice/AllSubstring.class
ExcelUtility/ExcelReads.class
javaProgramiz/CountSubString.class
OwnPractice/StringCompression.class
OwnPractice/UniqueEleemntUsingSet.class
OwnPractice/ListToArray.class
ExcelUtility/ExcelUtils.class
javaProgramiz/DuplicateFromString.class
javaProgramiz/FirstRepeatingCharacter.class
javaProgramiz/FirstSecondMin.class
ArraysPrograms/MissingNoInArray.class
javaProgramiz/DuplicatesInStringArray.class
OwnPractice/SecoondLargest.class
OwnPractice/FrequencyOfWords.class
OwnPractice/EvenAndOddArray.class
OwnPractice/ReverseArray.class
javaProgramiz/StringRotation.class
OwnPractice/CountOccurancesOfCharacter.class
OwnPractice/ConvertArrayToList.class
javaProgramiz/SeachFromArray.class
OwnPractice/ShadowDom.class
ArraysPrograms/SecondlargestNo.class
javaProgramiz/StringContainsDigit.class
OwnPractice/CheckArrayIsSorted.class
OwnPractice/LongestWordInString.class
ArraysPrograms/DuplicatesInArray.class
OwnPractice/SortCharacterAlpha.class
javaProgramiz/Sample.class
ExcelData/DataProvider.class
ExcelData/ExcelDataSupplier.class
OwnPractice/DuplicateInString.class
javaProgramiz/fisrtsecondMaxNo.class
javaProgramiz/ReverseWordInString.class
javaProgramiz/ovelsConsonants.class
javaProgramiz/SortArrayBubbleSort.class
OwnPractice/CountOccurancesOfCharInString.class
OwnPractice/RemoveDuplicateFromList.class
OwnPractice/SortHashMapByKey.class
OwnPractice/DuplicateCharacterStringWithFirstRepeating.class
javaProgramiz/StringToCharAndBack.class
OwnPractice/UpperLowerspaceSpecial.class
OwnPractice/Anagram.class
javaProgramiz/NonRepeatingChar.class
OwnPractice/ReverseString.class
javaProgramiz/SumOfNo.class
OwnPractice/SeachFromString.class
OwnPractice/RemoveElementFromArray.class
ExcelUtility/ExcelReader.class
javaProgramiz/MaxAndMinArray.class
javaProgramiz/StringCompressed.class
OwnPractice/ConverStringToList.class
javaProgramiz/JavaSentenceReverse.class
javaProgramiz/Anagram.class
ExcelUtility/testWithExcel.class
javaProgramiz/MissingNoArray.class
javaProgramiz/LongestWordInString.class
OwnPractice/RemoveSpecialCharAndSpaces.class
javaProgramiz/LoginTest.class
ArraysPrograms/SecondMinNo.class
SeleniumPrograms/BrokenLinks.class
javaProgramiz/CountOccurancesOfCharacter.class
javaProgramiz/ReplaceString.class
javaProgramiz/Runlength.class
javaProgramiz/ExcelUtility.class
OwnPractice/CharFrequency.class
javaProgramiz/EvenOddAndEqualArrays.class
OwnPractice/ConverListToString.class
OwnPractice/DuplicateInStringArray.class
OwnPractice/RemoveDuplicatesFromString.class
javaProgramiz/StringCompression.class
javaProgramiz/CheckPalindrome.class
OwnPractice/BubbleSortString.class
