/home/seleniumbddtestframework/src/main/java/javaProgramiz/SeachFromArray.java
/home/seleniumbddtestframework/src/main/java/javaProgramiz/ReverseWordInString.java
/home/seleniumbddtestframework/src/main/java/javaProgramiz/ExcelUtility.java
/home/seleniumbddtestframework/src/main/java/javaProgramiz/EvenOddAndEqualArrays.java
/home/seleniumbddtestframework/src/main/java/javaProgramiz/SumOfNo.java
/home/seleniumbddtestframework/src/main/java/OwnPractice/StringCompression.java
/home/seleniumbddtestframework/src/main/java/OwnPractice/RemoveElementFromArray.java
/home/seleniumbddtestframework/src/main/java/OwnPractice/DuplicateInString.java
/home/seleniumbddtestframework/src/main/java/ArraysPrograms/MissingNoInArray.java
/home/seleniumbddtestframework/src/main/java/javaProgramiz/CountOccurancesOfCharacter.java
/home/seleniumbddtestframework/src/main/java/OwnPractice/ConverListToString.java
/home/seleniumbddtestframework/src/main/java/javaProgramiz/MaxAndMinArray.java
/home/seleniumbddtestframework/src/main/java/ArraysPrograms/MergeTwoSortedArray.java
/home/seleniumbddtestframework/src/main/java/ExcelUtility/FinalExcelTest.java
/home/seleniumbddtestframework/src/main/java/OwnPractice/EvenAndOddArray.java
/home/seleniumbddtestframework/src/main/java/ArraysPrograms/DuplicatesInArray.java
/home/seleniumbddtestframework/src/main/java/javaProgramiz/StringRotation.java
/home/seleniumbddtestframework/src/main/java/OwnPractice/CheckTwoStringsAreRotationOfEachOther.java
/home/seleniumbddtestframework/src/main/java/OwnPractice/DuplicateInStringArray.java
/home/seleniumbddtestframework/src/main/java/OwnPractice/ShadowDom.java
/home/seleniumbddtestframework/src/main/java/javaProgramiz/ExcelUtilityTest.java
/home/seleniumbddtestframework/src/main/java/OwnPractice/UpperLowerspaceSpecial.java
/home/seleniumbddtestframework/src/main/java/javaProgramiz/Program.java
/home/seleniumbddtestframework/src/main/java/OwnPractice/RemoveSpecialCharAndSpaces.java
/home/seleniumbddtestframework/src/main/java/ExcelUtility/ExcelReads.java
/home/seleniumbddtestframework/src/main/java/ExcelUtility/ExcelReader.java
/home/seleniumbddtestframework/src/main/java/javaProgramiz/MissingNoArray.java
/home/seleniumbddtestframework/src/main/java/javaProgramiz/NonRepeatingChar.java
/home/seleniumbddtestframework/src/main/java/javaProgramiz/FirstRepeatingCharacter.java
/home/seleniumbddtestframework/src/main/java/OwnPractice/UniqueNonRepeating.java
/home/seleniumbddtestframework/src/main/java/javaProgramiz/DuplicateFromString.java
/home/seleniumbddtestframework/src/main/java/javaProgramiz/DuplicatesInStringArray.java
/home/seleniumbddtestframework/src/main/java/javaProgramiz/LongestWordInString.java
/home/seleniumbddtestframework/src/main/java/OwnPractice/SwapTwoStringWithoutTemp.java
/home/seleniumbddtestframework/src/main/java/OwnPractice/ReverseArray.java
/home/seleniumbddtestframework/src/main/java/OwnPractice/AllSubstring.java
/home/seleniumbddtestframework/src/main/java/OwnPractice/BubbleSortString.java
/home/seleniumbddtestframework/src/main/java/OwnPractice/ReverseString.java
/home/seleniumbddtestframework/src/main/java/javaProgramiz/FirstSecondMin.java
/home/seleniumbddtestframework/src/main/java/javaProgramiz/CheckPalindrome.java
/home/seleniumbddtestframework/src/main/java/OwnPractice/SpecialChar.java
/home/seleniumbddtestframework/src/main/java/OwnPractice/ConvertArrayToList.java
/home/seleniumbddtestframework/src/main/java/javaProgramiz/LoginTest.java
/home/seleniumbddtestframework/src/main/java/javaProgramiz/Anagram.java
/home/seleniumbddtestframework/src/main/java/OwnPractice/CharFrequency.java
/home/seleniumbddtestframework/src/main/java/OwnPractice/DuplicateCharacterStringWithFirstRepeating.java
/home/seleniumbddtestframework/src/main/java/SeleniumPrograms/BrokenLinks2.java
/home/seleniumbddtestframework/src/main/java/OwnPractice/RemoveDuplicateFromList.java
/home/seleniumbddtestframework/src/main/java/OwnPractice/UniqueEleemntUsingSet.java
/home/seleniumbddtestframework/src/main/java/OwnPractice/SecoondLargest.java
/home/seleniumbddtestframework/src/main/java/SeleniumPrograms/BrokenLinks.java
/home/seleniumbddtestframework/src/main/java/ArraysPrograms/SecondlargestNo.java
/home/seleniumbddtestframework/src/main/java/OwnPractice/ConverStringToList.java
/home/seleniumbddtestframework/src/main/java/javaProgramiz/Sample.java
/home/seleniumbddtestframework/src/main/java/OwnPractice/ListToArray.java
/home/seleniumbddtestframework/src/main/java/OwnPractice/BubbleSort.java
/home/seleniumbddtestframework/src/main/java/javaProgramiz/JavaSentenceReverse.java
/home/seleniumbddtestframework/src/main/java/ExcelData/ExcelDataSupplier.java
/home/seleniumbddtestframework/src/main/java/javaProgramiz/StringCompressed.java
/home/seleniumbddtestframework/src/main/java/OwnPractice/RemoveDuplicatesFromString.java
/home/seleniumbddtestframework/src/main/java/javaProgramiz/fisrtsecondMaxNo.java
/home/seleniumbddtestframework/src/main/java/OwnPractice/CountOccurancesOfCharacter.java
/home/seleniumbddtestframework/src/main/java/ExcelUtility/testWithExcel.java
/home/seleniumbddtestframework/src/main/java/ExcelUtility/ExcelUtils.java
/home/seleniumbddtestframework/src/main/java/OwnPractice/SortHashMapByKey.java
/home/seleniumbddtestframework/src/main/java/javaProgramiz/StringContainsDigit.java
/home/seleniumbddtestframework/src/main/java/OwnPractice/ReverseListAndDecendingOrder.java
/home/seleniumbddtestframework/src/main/java/OwnPractice/CountOccurancesOfCharInString.java
/home/seleniumbddtestframework/src/main/java/javaProgramiz/UniqueCharacters.java
/home/seleniumbddtestframework/src/main/java/javaProgramiz/ovelsConsonants.java
/home/seleniumbddtestframework/src/main/java/javaProgramiz/StringToCharAndBack.java
/home/seleniumbddtestframework/src/main/java/javaProgramiz/CountSubString.java
/home/seleniumbddtestframework/src/main/java/OwnPractice/SeachFromString.java
/home/seleniumbddtestframework/src/main/java/javaProgramiz/ReplaceString.java
/home/seleniumbddtestframework/src/main/java/javaProgramiz/CountWordsAndLength.java
/home/seleniumbddtestframework/src/main/java/javaProgramiz/ArmstrongNo.java
/home/seleniumbddtestframework/src/main/java/OwnPractice/FrequencyOfWords.java
/home/seleniumbddtestframework/src/main/java/ExcelData/DataProvider.java
/home/seleniumbddtestframework/src/main/java/ArraysPrograms/SecondMinNo.java
/home/seleniumbddtestframework/src/main/java/OwnPractice/CheckArrayIsSorted.java
/home/seleniumbddtestframework/src/main/java/javaProgramiz/StringCompression.java
/home/seleniumbddtestframework/src/main/java/OwnPractice/LongestWordInString.java
/home/seleniumbddtestframework/src/main/java/javaProgramiz/Runlength.java
/home/seleniumbddtestframework/src/main/java/javaProgramiz/CharacterFrequency.java
/home/seleniumbddtestframework/src/main/java/javaProgramiz/SortArrayBubbleSort.java
/home/seleniumbddtestframework/src/main/java/OwnPractice/SortCharacterAlpha.java
/home/seleniumbddtestframework/src/main/java/OwnPractice/Anagram.java
/home/seleniumbddtestframework/src/main/java/javaProgramiz/CharFrequency.java
