/home/seleniumbddtestframework/src/test/java/pageObjects/BasePage.java
/home/seleniumbddtestframework/src/test/java/base/BaseTest.java
/home/seleniumbddtestframework/src/test/java/pageObjects/HomePage.java
/home/seleniumbddtestframework/src/test/java/pageObjects/LoginPageSauceDemoForBDD.java
/home/seleniumbddtestframework/src/test/java/tests/LoginTest3ProblemUser.java
/home/seleniumbddtestframework/src/test/java/utilities/DriverManager2.java
/home/seleniumbddtestframework/src/test/java/utilities/ScreenshotUtils.java
/home/seleniumbddtestframework/src/test/java/stepDefinitions/DataDrivenSteps.java
/home/seleniumbddtestframework/src/test/java/stepDefinitions/LoginSteps.java
/home/seleniumbddtestframework/src/test/java/tests/LoginTest.java
/home/seleniumbddtestframework/src/test/java/utilities/DriverManager.java
/home/seleniumbddtestframework/src/test/java/utilities/JsonDataReader.java
/home/seleniumbddtestframework/src/test/java/utilities/ConfigReader.java
/home/seleniumbddtestframework/src/test/java/pageObjects/LoginPage.java
/home/seleniumbddtestframework/src/test/java/pageObjects/ProductsPage.java
/home/seleniumbddtestframework/src/test/java/pageObjects/SauceDemoLoginPage.java
/home/seleniumbddtestframework/src/test/java/listeners/TestListener.java
/home/seleniumbddtestframework/src/test/java/tests/LoginTest2Locked.java
/home/seleniumbddtestframework/src/test/java/utilities/Lib.java
/home/seleniumbddtestframework/src/test/java/stepDefinitions/LoginStepsForSauceDemo.java
/home/seleniumbddtestframework/src/test/java/runners/TestRunner.java
/home/seleniumbddtestframework/src/test/java/tests/SampleTest.java
/home/seleniumbddtestframework/src/test/java/runners/TestRunner1.java
/home/seleniumbddtestframework/src/test/java/utilities/IAutocanstant.java
/home/seleniumbddtestframework/src/test/java/hooks/Hooks.java
